// Data Snap v1

exports[``] = {
  "data": "deal.dealer = 'north';\ndeal.randVuln();\nlet dir = null;\nreturn true;\n",
  "meta": {
    "expires": null
  }
}

exports[`
`] = {
  "data": "deal.dealer = 'north';\ndeal.randVuln();\nlet dir = null;\nreturn true;\n",
  "meta": {
    "expires": null
  }
}

exports[`//`] = {
  "data": "deal.dealer = 'north';\ndeal.randVuln();\nlet dir = null;\nreturn true;\n",
  "meta": {
    "expires": null
  }
}

exports[`//
`] = {
  "data": "deal.dealer = 'north';\ndeal.randVuln();\nlet dir = null;\nreturn true;\n",
  "meta": {
    "expires": null
  }
}

exports[`// `] = {
  "data": "deal.dealer = 'north';\ndeal.randVuln();\nlet dir = null;\nreturn true;\n",
  "meta": {
    "expires": null
  }
}

exports[`// foo`] = {
  "data": "let dir = null;\ndeal.dealer = 'north';\ndeal.randVuln();\nreturn true;\n",
  "meta": {
    "expires": null
  }
}

exports[`// foo
`] = {
  "data": "let dir = null;\ndeal.dealer = 'north';\ndeal.randVuln();\nreturn true;\n",
  "meta": {
    "expires": null
  }
}

exports[`//a`] = {
  "data": "deal.dealer = 'north';\ndeal.randVuln();\nlet dir = null;\nreturn true;\n",
  "meta": {
    "expires": null
  }
}

exports[`//a
`] = {
  "data": "deal.dealer = 'north';\ndeal.randVuln();\nlet dir = null;\nreturn true;\n",
  "meta": {
    "expires": null
  }
}

exports[`//ab`] = {
  "data": "deal.dealer = 'north';\ndeal.randVuln();\nlet dir = null;\nreturn true;\n",
  "meta": {
    "expires": null
  }
}

exports[`//ab
`] = {
  "data": "deal.dealer = 'north';\ndeal.randVuln();\nlet dir = null;\nreturn true;\n",
  "meta": {
    "expires": null
  }
}

exports[`//abc`] = {
  "data": "deal.dealer = 'north';\ndeal.randVuln();\nlet dir = null;\nreturn true;\n",
  "meta": {
    "expires": null
  }
}

exports[`//abc
`] = {
  "data": "deal.dealer = 'north';\ndeal.randVuln();\nlet dir = null;\nreturn true;\n",
  "meta": {
    "expires": null
  }
}

exports[`//abcd`] = {
  "data": "deal.dealer = 'north';\ndeal.randVuln();\nlet dir = null;\nreturn true;\n",
  "meta": {
    "expires": null
  }
}

exports[`//abcd
`] = {
  "data": "deal.dealer = 'north';\ndeal.randVuln();\nlet dir = null;\nreturn true;\n",
  "meta": {
    "expires": null
  }
}

exports[`//abcde`] = {
  "data": "deal.dealer = 'north';\ndeal.randVuln();\nlet dir = null;\nreturn true;\n",
  "meta": {
    "expires": null
  }
}

exports[`//abcde
`] = {
  "data": "deal.dealer = 'north';\ndeal.randVuln();\nlet dir = null;\nreturn true;\n",
  "meta": {
    "expires": null
  }
}

exports[`//abcdef`] = {
  "data": "deal.dealer = 'north';\ndeal.randVuln();\nlet dir = null;\nreturn true;\n",
  "meta": {
    "expires": null
  }
}

exports[`//abcdef
`] = {
  "data": "deal.dealer = 'north';\ndeal.randVuln();\nlet dir = null;\nreturn true;\n",
  "meta": {
    "expires": null
  }
}

exports[`//abcdefg`] = {
  "data": "deal.dealer = 'north';\ndeal.randVuln();\nlet dir = null;\nreturn true;\n",
  "meta": {
    "expires": null
  }
}

exports[`//abcdefg
`] = {
  "data": "deal.dealer = 'north';\ndeal.randVuln();\nlet dir = null;\nreturn true;\n",
  "meta": {
    "expires": null
  }
}

exports[`bid 1C!: 16+, artificial`] = {
  "data": "deal.dealer = 'north';\ndeal.randVuln();\nlet dir = null;\ndeal.bid({level: 1,suit: 'â™£',alert: true,description: `16+, artificial`,});\nreturn true;\n",
  "meta": {
    "expires": null
  }
}

exports[`bid 1C!://
`] = {
  "data": "deal.dealer = 'north';\ndeal.randVuln();\nlet dir = null;\ndeal.bid({level: 1,suit: 'â™£',alert: true,});\nreturn true;\n",
  "meta": {
    "expires": null
  }
}

exports[`bid 1C!:// `] = {
  "data": "deal.dealer = 'north';\ndeal.randVuln();\nlet dir = null;\ndeal.bid({level: 1,suit: 'â™£',alert: true,});\nreturn true;\n",
  "meta": {
    "expires": null
  }
}

exports[`bid 1C!:// 
`] = {
  "data": "deal.dealer = 'north';\ndeal.randVuln();\nlet dir = null;\ndeal.bid({level: 1,suit: 'â™£',alert: true,});\nreturn true;\n",
  "meta": {
    "expires": null
  }
}

exports[`bid P`] = {
  "data": "deal.dealer = 'north';\ndeal.randVuln();\nlet dir = null;\ndeal.bid({level: 0,});\nreturn true;\n",
  "meta": {
    "expires": null
  }
}

exports[`dealer W`] = {
  "data": "let dir = null;\ndeal.dealer = 'west';\ndeal.randVuln();\nreturn true;\n",
  "meta": {
    "expires": null
  }
}

exports[`dealer e`] = {
  "data": "let dir = null;\ndeal.dealer = 'east';\ndeal.randVuln();\nreturn true;\n",
  "meta": {
    "expires": null
  }
}

exports[`dealer eAst`] = {
  "data": "deal.dealer = 'east';\ndeal.randVuln();\nlet dir = null;\nreturn true;\n",
  "meta": {
    "expires": null
  }
}

exports[`dealer n`] = {
  "data": "let dir = null;\ndeal.dealer = 'north';\ndeal.randVuln();\nreturn true;\n",
  "meta": {
    "expires": null
  }
}

exports[`dealer north`] = {
  "data": "deal.dealer = 'north';\ndeal.randVuln();\nlet dir = null;\nreturn true;\n",
  "meta": {
    "expires": null
  }
}

exports[`dealer s`] = {
  "data": "let dir = null;\ndeal.dealer = 'south';\ndeal.randVuln();\nreturn true;\n",
  "meta": {
    "expires": null
  }
}

exports[`dealer south`] = {
  "data": "deal.dealer = 'south';\ndeal.randVuln();\nlet dir = null;\nreturn true;\n",
  "meta": {
    "expires": null
  }
}

exports[`dealer west`] = {
  "data": "deal.dealer = 'west';\ndeal.randVuln();\nlet dir = null;\nreturn true;\n",
  "meta": {
    "expires": null
  }
}

exports[`e`] = {
  "data": "let dir = null;\ndir = deal.east;\ndeal.dealer = 'north';\ndeal.randVuln();\nreturn true;\n",
  "meta": {
    "expires": null
  }
}

exports[`east`] = {
  "data": "deal.dealer = 'north';\ndeal.randVuln();\nlet dir = null;\ndir = deal.east;\nreturn true;\n",
  "meta": {
    "expires": null
  }
}

exports[`format error`] = {
  "data": "Error: Expected \"!\", \"$\", \"%\", \"\u002F\u002F\", \"\u003C\", \"C\", \"D\", \"H\", \"S\", \"\\n\", \"\\r\\n\", \"any\", \"balanced\", \"balanced5\", \"bid\", \"dealer\", \"east\", \"north\", \"singleton\", \"south\", \"void\", \"vuln\", \"west\", [ \\t], [0-9], or end of input but \"f\" found.\n --\u003E testing:1:1\n  |\n1 | foo\n  | ^",
  "meta": {
    "expires": null
  }
}

exports[`n`] = {
  "data": "let dir = null;\ndir = deal.north;\ndeal.dealer = 'north';\ndeal.randVuln();\nreturn true;\n",
  "meta": {
    "expires": null
  }
}

exports[`north`] = {
  "data": "deal.dealer = 'north';\ndeal.randVuln();\nlet dir = null;\ndir = deal.north;\nreturn true;\n",
  "meta": {
    "expires": null
  }
}

exports[`north
  !!11-13
  4D`] = {
  "data": "deal.dealer = 'north';\ndeal.randVuln();\nlet dir = null;\ndir = deal.north;\nif (!(dir.range(11, 13))) { return false; }\nif (!(((dir.diamonds.length === 4)))) {\n  return false;\n}\nreturn true;\n",
  "meta": {
    "expires": null
  }
}

exports[`north
  !22-23, balanced`] = {
  "data": "deal.dealer = 'north';\ndeal.randVuln();\nlet dir = null;\ndir = deal.north;\nif (dir.range(22, 23) && dir.balancedNoM()) { return false; }\nreturn true;\n",
  "meta": {
    "expires": null
  }
}

exports[`north
  !22-23, balanced5`] = {
  "data": "deal.dealer = 'north';\ndeal.randVuln();\nlet dir = null;\ndir = deal.north;\nif (dir.range(22, 23) && dir.balanced()) { return false; }\nreturn true;\n",
  "meta": {
    "expires": null
  }
}

exports[`north
  !22-23, balanced5 //
`] = {
  "data": "let dir = null;\ndir = deal.north;\nif (dir.range(22, 23) && dir.balanced()) { return false; }\ndeal.dealer = 'north';\ndeal.randVuln();\nreturn true;\n",
  "meta": {
    "expires": null
  }
}

exports[`north
  !22-23, balanced5 // precision
`] = {
  "data": "let dir = null;\ndir = deal.north;\nif (dir.range(22, 23) && dir.balanced()) { return false; }\ndeal.dealer = 'north';\ndeal.randVuln();\nreturn true;\n",
  "meta": {
    "expires": null
  }
}

exports[`north
  $ðž‹„ = H`] = {
  "data": "deal.dealer = 'north';\ndeal.randVuln();\nlet dir = null;\nlet ðž‹„ = null;\ndir = deal.north;\nðž‹„ = `H`;\nreturn true;\n",
  "meta": {
    "expires": null
  }
}

exports[`north
  %POINTS = 4, 3, 2, 1
  S%POINTS > 3`] = {
  "data": "let dir = null;\nlet POINTS = null;\ndir = deal.north;\nPOINTS = [4, 3, 2, 1];\nif (!((Deal.weight(dir.spades, POINTS) \u003E 3))) {\n  return false;\n}\ndeal.dealer = 'north';\ndeal.randVuln();\nreturn true;\n",
  "meta": {
    "expires": null
  }
}

exports[`north
  %POINTS = 40, 3, 2, 1
  S%POINTS > 3`] = {
  "data": "let dir = null;\nlet POINTS = null;\ndir = deal.north;\nPOINTS = [40, 3, 2, 1];\nif (!((Deal.weight(dir.spades, POINTS) \u003E 3))) {\n  return false;\n}\ndeal.dealer = 'north';\ndeal.randVuln();\nreturn true;\n",
  "meta": {
    "expires": null
  }
}

exports[`north
  %POINTS = 40, 30, 2, 1
  S%POINTS > 3`] = {
  "data": "deal.dealer = 'north';\ndeal.randVuln();\nlet dir = null;\nlet POINTS = null;\ndir = deal.north;\nPOINTS = [40, 30, 2, 1];\nif (!((Deal.weight(dir.spades, POINTS) \u003E 3))) {\n  return false;\n}\nreturn true;\n",
  "meta": {
    "expires": null
  }
}

exports[`north
  %POINTS = 40, 30, 2, 1
  S%POINTS > 30`] = {
  "data": "deal.dealer = 'north';\ndeal.randVuln();\nlet dir = null;\nlet POINTS = null;\ndir = deal.north;\nPOINTS = [40, 30, 2, 1];\nif (!((Deal.weight(dir.spades, POINTS) \u003E 30))) {\n  return false;\n}\nreturn true;\n",
  "meta": {
    "expires": null
  }
}

exports[`north
  13`] = {
  "data": "deal.dealer = 'north';\ndeal.randVuln();\nlet dir = null;\ndir = deal.north;\nif (!((dir.points === 13))) {\n  return false;\n}\nreturn true;\n",
  "meta": {
    "expires": null
  }
}

exports[`north
  13+`] = {
  "data": "deal.dealer = 'north';\ndeal.randVuln();\nlet dir = null;\ndir = deal.north;\nif (!((dir.points \u003E= 13))) {\n  return false;\n}\nreturn true;\n",
  "meta": {
    "expires": null
  }
}

exports[`north
  13-15`] = {
  "data": "deal.dealer = 'north';\ndeal.randVuln();\nlet dir = null;\ndir = deal.north;\nif (!(dir.range(13, 15))) {\n  return false;\n}\nreturn true;\n",
  "meta": {
    "expires": null
  }
}

exports[`north
  37`] = {
  "data": "deal.dealer = 'north';\ndeal.randVuln();\nlet dir = null;\ndir = deal.north;\nif (!((dir.points === 37))) {\n  return false;\n}\nreturn true;\n",
  "meta": {
    "expires": null
  }
}

exports[`north
  4+M`] = {
  "data": "deal.dealer = 'north';\ndeal.randVuln();\nlet dir = null;\ndir = deal.north;\nif (!(((dir.hearts.length \u003E= 4) || (dir.spades.length \u003E= 4)))) {\n  return false;\n}\nreturn true;\n",
  "meta": {
    "expires": null
  }
}

exports[`north
  4-6S`] = {
  "data": "deal.dealer = 'north';\ndeal.randVuln();\nlet dir = null;\ndir = deal.north;\nif (!((dir.spades.length \u003E= 4) && (dir.spades.length \u003C= 6))) {\n  return false;\n}\nreturn true;\n",
  "meta": {
    "expires": null
  }
}

exports[`north
  4441`] = {
  "data": "deal.dealer = 'north';\ndeal.randVuln();\nlet dir = null;\ndir = deal.north;\nif (!(dir.isShape(4, 4, 4, 1))) {\n  return false;\n}\nreturn true;\n",
  "meta": {
    "expires": null
  }
}

exports[`north
  4CD`] = {
  "data": "deal.dealer = 'north';\ndeal.randVuln();\nlet dir = null;\ndir = deal.north;\nif (!(((dir.clubs.length === 4) || (dir.diamonds.length === 4)))) {\n  return false;\n}\nreturn true;\n",
  "meta": {
    "expires": null
  }
}

exports[`north
  4HS`] = {
  "data": "deal.dealer = 'north';\ndeal.randVuln();\nlet dir = null;\ndir = deal.north;\nif (!(((dir.hearts.length === 4) || (dir.spades.length === 4)))) {\n  return false;\n}\nreturn true;\n",
  "meta": {
    "expires": null
  }
}

exports[`north
  4X`] = {
  "data": "deal.dealer = 'north';\ndeal.randVuln();\nlet dir = null;\ndir = deal.north;\nif (!(((dir.clubs.length === 4) || (dir.diamonds.length === 4) || (dir.hearts.length === 4) || (dir.spades.length === 4)))) {\n  return false;\n}\nreturn true;\n",
  "meta": {
    "expires": null
  }
}

exports[`north
  4m`] = {
  "data": "deal.dealer = 'north';\ndeal.randVuln();\nlet dir = null;\ndir = deal.north;\nif (!(((dir.clubs.length === 4) || (dir.diamonds.length === 4)))) {\n  return false;\n}\nreturn true;\n",
  "meta": {
    "expires": null
  }
}

exports[`north
  8`] = {
  "data": "deal.dealer = 'north';\ndeal.randVuln();\nlet dir = null;\ndir = deal.north;\nif (!((dir.points === 8))) {\n  return false;\n}\nreturn true;\n",
  "meta": {
    "expires": null
  }
}

exports[`north
  <5b`] = {
  "data": "deal.dealer = 'north';\ndeal.randVuln();\nlet dir = null;\ndir = deal.north;\nif (!((dir.clubs.length \u003C 5) && (dir.spades.length \u003C 5))) {\n  return false;\n}\nreturn true;\n",
  "meta": {
    "expires": null
  }
}

exports[`north
  <5r`] = {
  "data": "deal.dealer = 'north';\ndeal.randVuln();\nlet dir = null;\ndir = deal.north;\nif (!((dir.diamonds.length \u003C 5) && (dir.hearts.length \u003C 5))) {\n  return false;\n}\nreturn true;\n",
  "meta": {
    "expires": null
  }
}

exports[`north
  <6R`] = {
  "data": "deal.dealer = 'north';\ndeal.randVuln();\nlet dir = null;\ndir = deal.north;\nif (!((dir.clubs.length \u003C 6) && (dir.hearts.length \u003C 6))) {\n  return false;\n}\nreturn true;\n",
  "meta": {
    "expires": null
  }
}

exports[`north
  <6r`] = {
  "data": "let dir = null;\ndir = deal.north;\nif (!((dir.clubs.length \u003C 6) && (dir.hearts.length \u003C 6))) {\n  return false;\n}\ndeal.dealer = 'north';\ndeal.randVuln();\nreturn true;\n",
  "meta": {
    "expires": null
  }
}

exports[`north
  <=6P`] = {
  "data": "deal.dealer = 'north';\ndeal.randVuln();\nlet dir = null;\ndir = deal.north;\nif (!((dir.diamonds.length \u003C= 6) && (dir.spades.length \u003C= 6))) {\n  return false;\n}\nreturn true;\n",
  "meta": {
    "expires": null
  }
}

exports[`north
  <=6p`] = {
  "data": "let dir = null;\ndir = deal.north;\nif (!((dir.diamonds.length \u003C= 6) && (dir.spades.length \u003C= 6))) {\n  return false;\n}\ndeal.dealer = 'north';\ndeal.randVuln();\nreturn true;\n",
  "meta": {
    "expires": null
  }
}

exports[`north
  CAK`] = {
  "data": "deal.dealer = 'north';\ndeal.randVuln();\nlet dir = null;\ndir = deal.north;\nif (!((dir.hasCards('CAK')))) {\n  return false;\n}\nreturn true;\n",
  "meta": {
    "expires": null
  }
}

exports[`north
  S < H`] = {
  "data": "deal.dealer = 'north';\ndeal.randVuln();\nlet dir = null;\ndir = deal.north;\nif (!((dir.spades.length \u003C dir.hearts.length))) {\n  return false;\n}\nreturn true;\n",
  "meta": {
    "expires": null
  }
}

exports[`north
  S <= H`] = {
  "data": "deal.dealer = 'north';\ndeal.randVuln();\nlet dir = null;\ndir = deal.north;\nif (!((dir.spades.length \u003C= dir.hearts.length))) {\n  return false;\n}\nreturn true;\n",
  "meta": {
    "expires": null
  }
}

exports[`north
  S = H`] = {
  "data": "deal.dealer = 'north';\ndeal.randVuln();\nlet dir = null;\ndir = deal.north;\nif (!((dir.spades.length === dir.hearts.length))) {\n  return false;\n}\nreturn true;\n",
  "meta": {
    "expires": null
  }
}

exports[`north
  S > H`] = {
  "data": "deal.dealer = 'north';\ndeal.randVuln();\nlet dir = null;\ndir = deal.north;\nif (!((dir.spades.length \u003E dir.hearts.length))) {\n  return false;\n}\nreturn true;\n",
  "meta": {
    "expires": null
  }
}

exports[`north
  S >= H`] = {
  "data": "deal.dealer = 'north';\ndeal.randVuln();\nlet dir = null;\ndir = deal.north;\nif (!((dir.spades.length \u003E= dir.hearts.length))) {\n  return false;\n}\nreturn true;\n",
  "meta": {
    "expires": null
  }
}

exports[`north
  any 4441`] = {
  "data": "deal.dealer = 'north';\ndeal.randVuln();\nlet dir = null;\ndir = deal.north;\nif (!(dir.isShapeAny(4, 4, 4, 1))) {\n  return false;\n}\nreturn true;\n",
  "meta": {
    "expires": null
  }
}

exports[`north
  singleton`] = {
  "data": "deal.dealer = 'north';\ndeal.randVuln();\nlet dir = null;\ndir = deal.north;\nif (!(dir.hasSingleton())) {\n  return false;\n}\nreturn true;\n",
  "meta": {
    "expires": null
  }
}

exports[`north
  void`] = {
  "data": "deal.dealer = 'north';\ndeal.randVuln();\nlet dir = null;\ndir = deal.north;\nif (!(dir.hasVoid())) {\n  return false;\n}\nreturn true;\n",
  "meta": {
    "expires": null
  }
}

exports[`north
$suit = S`] = {
  "data": "deal.dealer = 'north';\ndeal.randVuln();\nlet dir = null;\nlet suit = null;\ndir = deal.north;\nsuit = `S`;\nreturn true;\n",
  "meta": {
    "expires": null
  }
}

exports[`north
south`] = {
  "data": "let dir = null;\ndir = deal.north;\ndir = deal.south;\ndeal.dealer = 'north';\ndeal.randVuln();\nreturn true;\n",
  "meta": {
    "expires": null
  }
}

exports[`north
south // foo`] = {
  "data": "deal.dealer = 'north';\ndeal.randVuln();\nlet dir = null;\ndir = deal.north;\ndir = deal.south;\nreturn true;\n",
  "meta": {
    "expires": null
  }
}

exports[`s`] = {
  "data": "let dir = null;\ndir = deal.south;\ndeal.dealer = 'north';\ndeal.randVuln();\nreturn true;\n",
  "meta": {
    "expires": null
  }
}

exports[`south`] = {
  "data": "deal.dealer = 'north';\ndeal.randVuln();\nlet dir = null;\ndir = deal.south;\nreturn true;\n",
  "meta": {
    "expires": null
  }
}

exports[`south
%points = 4, 3, 2, 1`] = {
  "data": "deal.dealer = 'north';\ndeal.randVuln();\nlet dir = null;\nlet points = null;\ndir = deal.south;\npoints = [4, 3, 2, 1];\nreturn true;\n",
  "meta": {
    "expires": null
  }
}

exports[`vuln BOTH`] = {
  "data": "deal.dealer = 'north';\ndeal.vuln = 'All'\nlet dir = null;\nreturn true;\n",
  "meta": {
    "expires": null
  }
}

exports[`vuln all`] = {
  "data": "deal.dealer = 'north';\ndeal.vuln = 'All'\nlet dir = null;\nreturn true;\n",
  "meta": {
    "expires": null
  }
}

exports[`vuln ew`] = {
  "data": "deal.dealer = 'north';\ndeal.vuln = 'EW'\nlet dir = null;\nreturn true;\n",
  "meta": {
    "expires": null
  }
}

exports[`vuln neither`] = {
  "data": "deal.dealer = 'north';\ndeal.vuln = 'None'\nlet dir = null;\nreturn true;\n",
  "meta": {
    "expires": null
  }
}

exports[`vuln none`] = {
  "data": "deal.dealer = 'north';\ndeal.vuln = 'None'\nlet dir = null;\nreturn true;\n",
  "meta": {
    "expires": null
  }
}

exports[`vuln ns`] = {
  "data": "deal.dealer = 'north';\ndeal.vuln = 'NS'\nlet dir = null;\nreturn true;\n",
  "meta": {
    "expires": null
  }
}

exports[`vuln random`] = {
  "data": "deal.dealer = 'north';\ndeal.randVuln();\nlet dir = null;\nreturn true;\n",
  "meta": {
    "expires": null
  }
}

exports[`w`] = {
  "data": "let dir = null;\ndir = deal.west;\ndeal.dealer = 'north';\ndeal.randVuln();\nreturn true;\n",
  "meta": {
    "expires": null
  }
}

exports[`west`] = {
  "data": "deal.dealer = 'north';\ndeal.randVuln();\nlet dir = null;\ndir = deal.west;\nreturn true;\n",
  "meta": {
    "expires": null
  }
}
